// Jest Snapshot v1, https://goo.gl/fbAQLP

exports[`Account Ledger Component Test should render Counter component 1`] = `ShallowWrapper {}`;
