// Jest Snapshot v1, https://goo.gl/fbAQLP

exports[`Account Ledger Component Test should render Limits component 1`] = `ShallowWrapper {}`;
