// Jest Snapshot v1, https://goo.gl/fbAQLP

exports[`Account Ledger Component Test should render Notices component 1`] = `ShallowWrapper {}`;
